// Jest Snapshot v1, https://goo.gl/fbAQLP

exports[`About render 1`] = `
<layout-stub>
  <div class="About">
    <pageheader-stub text="About"></pageheader-stub>
    <div class="About-Profile">
      <g-image-stub src="@/assets/images/profile.png" class="About-ProfileImg"></g-image-stub>
      <div class="About-ProfileContentsBox">
        <h2 class="About-ProfileHeading">
          tyankatsu
        </h2>
        <dl class="About-ProfileList">
          <div class="About-ProfileListItem"><dt class="About-ProfileListItemHeading">
              職業
            </dt>
            <dd class="About-ProfileListItemData">
              フロントエンドエンジニア
            </dd>
          </div>
          <div class="About-ProfileListItem"><dt class="About-ProfileListItemHeading">
              前職
            </dt>
            <dd class="About-ProfileListItemData">
              Webデザイナー
            </dd>
          </div>
          <div class="About-ProfileListItem"><dt class="About-ProfileListItemHeading">
              好きな食べ物
            </dt>
            <dd class="About-ProfileListItemData">
              ほうれん草
            </dd>
          </div>
          <div class="About-ProfileListItem"><dt class="About-ProfileListItemHeading">
              嫌いな食べ物
            </dt>
            <dd class="About-ProfileListItemData">
              カレーライス
            </dd>
          </div>
          <div class="About-ProfileListItem"><dt class="About-ProfileListItemHeading">
              好きなこと
            </dt>
            <dd class="About-ProfileListItemData">
              コードを書くこと / Webのアニメーションを見ること / 効率化が図れそうな技術を試すこと / 技術ブログを見て回ること
            </dd>
          </div>
          <div class="About-ProfileListItem"><dt class="About-ProfileListItemHeading">
              作ってるもの
            </dt>
            <dd class="About-ProfileListItemData">
              <ul>
                <li>
                  <g-link href="https://github.com/tyankatsu0105/cz-format-extension">cz-format-extension</g-link>
                </li>
                <li>
                  <g-link href="https://github.com/gridsome/eslint-plugin-gridsome">eslint-plugin-gridsome</g-link>
                </li>
              </ul>
            </dd>
          </div>
        </dl>
      </div>
    </div>
  </div>
</layout-stub>
`;
