// Jest Snapshot v1, https://goo.gl/fbAQLP

exports[`Index render 1`] = `
<div class="Index" name="index">
  <v-header-stub></v-header-stub>
  <index-canvas-stub></index-canvas-stub>
  <div class="Index_ContentsBlock">
    <h1 class="Index_Heading">
      Tyankatsu<br>Sketch Book
    </h1>
    <div class="Index_LinkBox">
      <linkbuttonprimary-stub text="About" to="about" class="Index_Link"></linkbuttonprimary-stub>
      <linkbuttonprimary-stub text="Blog" to="/blog/all" class="Index_Link"></linkbuttonprimary-stub>
    </div>
    <div class="Index_LinkBox">
      <linkbuttonicon-stub icon="[object Object]" href="https://twitter.com/tyankatsu5" class="Index_Link"></linkbuttonicon-stub>
      <linkbuttonicon-stub icon="[object Object]" href="https://github.com/tyankatsu0105" class="Index_Link"></linkbuttonicon-stub>
      <linkbuttonicon-stub icon="[object Object]" href="https://www.npmjs.com/~tyankatsu0105" class="Index_Link"></linkbuttonicon-stub>
    </div>
  </div>
  <v-footer-stub></v-footer-stub>
</div>
`;
