// Jest Snapshot v1, https://goo.gl/fbAQLP

exports[`Default render 1`] = `
<div class="Default">
  <vheader-stub></vheader-stub>
  <transitiongroup-stub tag="main" name="page" appear="true">
    <div class="Default_Contents"></div>
  </transitiongroup-stub>
  <vfooter-stub></vfooter-stub>
</div>
`;
