// Jest Snapshot v1, https://goo.gl/fbAQLP

exports[`HeaderMenu render 1`] = `
<div class="HeaderMenu">
  <nav class="HeaderMenu_Nav">
    <headerclosebutton-stub></headerclosebutton-stub>
    <ul class="HeaderMenu_NavList">
      <li class="HeaderMenu_NavListItem">
        <g-link-stub to="[object Object]" exact="" class="HeaderMenu_NavListItemLink">
          Home
        </g-link-stub>
      </li>
      <li class="HeaderMenu_NavListItem">
        <g-link-stub to="[object Object]" exact="" class="HeaderMenu_NavListItemLink">
          About
        </g-link-stub>
      </li>
    </ul>
  </nav>
</div>
`;
