// Jest Snapshot v1, https://goo.gl/fbAQLP

exports[`HeaderMenu render 1`] = `
<div class="HeaderMenu">
  <nav class="HeaderMenu_Nav">
    <headerclosebutton-stub></headerclosebutton-stub>
    <ul class="HeaderMenu_NavList">
      <li class="HeaderMenu_NavListItem">
        <g-link to="[object Object]" exact="" class="HeaderMenu_NavListItemLink"><span>
						Home
					</span></g-link>
      </li>
      <li class="HeaderMenu_NavListItem">
        <g-link to="[object Object]" exact="" class="HeaderMenu_NavListItemLink"><span>
						About
					</span></g-link>
        <g-link to="/blog/all" exact="" class="HeaderMenu_NavListItemLink"><span>
						Blog
					</span></g-link>
      </li>
    </ul>
  </nav>
</div>
`;
